Loading environment from: C:\Users\laith\OneDrive\Desktop\FastApi\.env
Keys found in .env:
   - GEMINI
   - OPEN_ROUTER
Found GEMINI key, trying to use it as OpenRouter key...
API Key found: Yes (AIzaSyCn...)
Sending test request to OpenRouter (using meta-llama/llama-3.2-3b-instruct:free)...
FAILED: AuthenticationError
Error: Error code: 401 - {'error': {'message': 'No cookie auth credentials found', 'code': 401}}

Full error written to openrouter_error.txt
